A-B B-C C-D D-A 
A-B B-D D-C C-A 
A-C C-B B-D D-A 
